npm warn exec The following package was not found and will be installed: ts-node@10.9.2
Collected 50 repos (stars 100000-500000)
Collected 100 repos (stars 50000-100000)
Collected 150 repos (stars 30000-50000)
Collected 200 repos (stars 20000-30000)
Collected 250 repos (stars 15000-20000)
GET /search/repositories?q=stars%3A10000..15000%20is%3Apublic%20archived%3Afalse&sort=stars&order=desc&per_page=10&page=6 - 403 with id 97B4:266CFC:2A153:2CE00:69B9A7A9 in 190ms
  Search error: API rate limit exceeded for user ID 180008227. If you reach out to GitHub Support for help, please include the request ID 97B4:266CFC:2A153:2CE00:69B9A7A9 and timestamp 2026-03-17 19:12:41 UTC. For more on scraping GitHub and how it may affect your rights, please review our Terms of Service (https://docs.github.com/en/site-policy/github-terms/github-terms-of-service) - https://docs.github.com/rest/overview/rate-limits-for-the-rest-api
GET /search/repositories?q=stars%3A10000..15000%20is%3Apublic%20archived%3Afalse&sort=stars&order=desc&per_page=10&page=7 - 403 with id 97B4:266CFC:2A1EC:2CE99:69B9A7A9 in 215ms
  Search error: API rate limit exceeded for user ID 180008227. If you reach out to GitHub Support for help, please include the request ID 97B4:266CFC:2A1EC:2CE99:69B9A7A9 and timestamp 2026-03-17 19:12:41 UTC. For more on scraping GitHub and how it may affect your rights, please review our Terms of Service (https://docs.github.com/en/site-policy/github-terms/github-terms-of-service) - https://docs.github.com/rest/overview/rate-limits-for-the-rest-api
GET /search/repositories?q=stars%3A10000..15000%20is%3Apublic%20archived%3Afalse&sort=stars&order=desc&per_page=10&page=8 - 403 with id 97B4:266CFC:2A273:2CF32:69B9A7A9 in 193ms
  Search error: API rate limit exceeded for user ID 180008227. If you reach out to GitHub Support for help, please include the request ID 97B4:266CFC:2A273:2CF32:69B9A7A9 and timestamp 2026-03-17 19:12:42 UTC. For more on scraping GitHub and how it may affect your rights, please review our Terms of Service (https://docs.github.com/en/site-policy/github-terms/github-terms-of-service) - https://docs.github.com/rest/overview/rate-limits-for-the-rest-api
GET /search/repositories?q=stars%3A10000..15000%20is%3Apublic%20archived%3Afalse&sort=stars&order=desc&per_page=10&page=9 - 403 with id 97B4:266CFC:2A2F2:2CFB6:69B9A7AA in 208ms
  Search error: API rate limit exceeded for user ID 180008227. If you reach out to GitHub Support for help, please include the request ID 97B4:266CFC:2A2F2:2CFB6:69B9A7AA and timestamp 2026-03-17 19:12:42 UTC. For more on scraping GitHub and how it may affect your rights, please review our Terms of Service (https://docs.github.com/en/site-policy/github-terms/github-terms-of-service) - https://docs.github.com/rest/overview/rate-limits-for-the-rest-api
GET /search/repositories?q=stars%3A10000..15000%20is%3Apublic%20archived%3Afalse&sort=stars&order=desc&per_page=10&page=10 - 403 with id 97B4:266CFC:2A377:2D040:69B9A7AA in 189ms
  Search error: API rate limit exceeded for user ID 180008227. If you reach out to GitHub Support for help, please include the request ID 97B4:266CFC:2A377:2D040:69B9A7AA and timestamp 2026-03-17 19:12:43 UTC. For more on scraping GitHub and how it may affect your rights, please review our Terms of Service (https://docs.github.com/en/site-policy/github-terms/github-terms-of-service) - https://docs.github.com/rest/overview/rate-limits-for-the-rest-api
Collected 300 repos (stars 10000-15000)
GET /search/repositories?q=stars%3A7500..10000%20is%3Apublic%20archived%3Afalse&sort=stars&order=desc&per_page=10&page=1 - 403 with id 97B4:266CFC:2A400:2D0EA:69B9A7AB in 197ms
  Search error: API rate limit exceeded for user ID 180008227. If you reach out to GitHub Support for help, please include the request ID 97B4:266CFC:2A400:2D0EA:69B9A7AB and timestamp 2026-03-17 19:12:43 UTC. For more on scraping GitHub and how it may affect your rights, please review our Terms of Service (https://docs.github.com/en/site-policy/github-terms/github-terms-of-service) - https://docs.github.com/rest/overview/rate-limits-for-the-rest-api
GET /search/repositories?q=stars%3A7500..10000%20is%3Apublic%20archived%3Afalse&sort=stars&order=desc&per_page=10&page=2 - 403 with id 97B4:266CFC:2A4A2:2D1A1:69B9A7AB in 194ms
  Search error: API rate limit exceeded for user ID 180008227. If you reach out to GitHub Support for help, please include the request ID 97B4:266CFC:2A4A2:2D1A1:69B9A7AB and timestamp 2026-03-17 19:12:43 UTC. For more on scraping GitHub and how it may affect your rights, please review our Terms of Service (https://docs.github.com/en/site-policy/github-terms/github-terms-of-service) - https://docs.github.com/rest/overview/rate-limits-for-the-rest-api
GET /search/repositories?q=stars%3A7500..10000%20is%3Apublic%20archived%3Afalse&sort=stars&order=desc&per_page=10&page=3 - 403 with id 97B4:266CFC:2A543:2D241:69B9A7AB in 193ms
  Search error: API rate limit exceeded for user ID 180008227. If you reach out to GitHub Support for help, please include the request ID 97B4:266CFC:2A543:2D241:69B9A7AB and timestamp 2026-03-17 19:12:44 UTC. For more on scraping GitHub and how it may affect your rights, please review our Terms of Service (https://docs.github.com/en/site-policy/github-terms/github-terms-of-service) - https://docs.github.com/rest/overview/rate-limits-for-the-rest-api
GET /search/repositories?q=stars%3A7500..10000%20is%3Apublic%20archived%3Afalse&sort=stars&order=desc&per_page=10&page=4 - 403 with id 97B4:266CFC:2A5D2:2D2D5:69B9A7AC in 200ms
  Search error: API rate limit exceeded for user ID 180008227. If you reach out to GitHub Support for help, please include the request ID 97B4:266CFC:2A5D2:2D2D5:69B9A7AC and timestamp 2026-03-17 19:12:44 UTC. For more on scraping GitHub and how it may affect your rights, please review our Terms of Service (https://docs.github.com/en/site-policy/github-terms/github-terms-of-service) - https://docs.github.com/rest/overview/rate-limits-for-the-rest-api
GET /search/repositories?q=stars%3A7500..10000%20is%3Apublic%20archived%3Afalse&sort=stars&order=desc&per_page=10&page=5 - 403 with id 97B4:266CFC:2A67C:2D39F:69B9A7AC in 212ms
  Search error: API rate limit exceeded for user ID 180008227. If you reach out to GitHub Support for help, please include the request ID 97B4:266CFC:2A67C:2D39F:69B9A7AC and timestamp 2026-03-17 19:12:45 UTC. For more on scraping GitHub and how it may affect your rights, please review our Terms of Service (https://docs.github.com/en/site-policy/github-terms/github-terms-of-service) - https://docs.github.com/rest/overview/rate-limits-for-the-rest-api
GET /search/repositories?q=stars%3A7500..10000%20is%3Apublic%20archived%3Afalse&sort=stars&order=desc&per_page=10&page=6 - 403 with id 97B4:266CFC:2A729:2D441:69B9A7AD in 193ms
  Search error: API rate limit exceeded for user ID 180008227. If you reach out to GitHub Support for help, please include the request ID 97B4:266CFC:2A729:2D441:69B9A7AD and timestamp 2026-03-17 19:12:45 UTC. For more on scraping GitHub and how it may affect your rights, please review our Terms of Service (https://docs.github.com/en/site-policy/github-terms/github-terms-of-service) - https://docs.github.com/rest/overview/rate-limits-for-the-rest-api
GET /search/repositories?q=stars%3A7500..10000%20is%3Apublic%20archived%3Afalse&sort=stars&order=desc&per_page=10&page=7 - 403 with id 97B4:266CFC:2A7CA:2D4D6:69B9A7AD in 207ms
  Search error: API rate limit exceeded for user ID 180008227. If you reach out to GitHub Support for help, please include the request ID 97B4:266CFC:2A7CA:2D4D6:69B9A7AD and timestamp 2026-03-17 19:12:45 UTC. For more on scraping GitHub and how it may affect your rights, please review our Terms of Service (https://docs.github.com/en/site-policy/github-terms/github-terms-of-service) - https://docs.github.com/rest/overview/rate-limits-for-the-rest-api
GET /search/repositories?q=stars%3A7500..10000%20is%3Apublic%20archived%3Afalse&sort=stars&order=desc&per_page=10&page=8 - 403 with id 97B4:266CFC:2A84F:2D580:69B9A7AD in 196ms
  Search error: API rate limit exceeded for user ID 180008227. If you reach out to GitHub Support for help, please include the request ID 97B4:266CFC:2A84F:2D580:69B9A7AD and timestamp 2026-03-17 19:12:46 UTC. For more on scraping GitHub and how it may affect your rights, please review our Terms of Service (https://docs.github.com/en/site-policy/github-terms/github-terms-of-service) - https://docs.github.com/rest/overview/rate-limits-for-the-rest-api
GET /search/repositories?q=stars%3A7500..10000%20is%3Apublic%20archived%3Afalse&sort=stars&order=desc&per_page=10&page=9 - 403 with id 97B4:266CFC:2A8E3:2D623:69B9A7AE in 190ms
  Search error: API rate limit exceeded for user ID 180008227. If you reach out to GitHub Support for help, please include the request ID 97B4:266CFC:2A8E3:2D623:69B9A7AE and timestamp 2026-03-17 19:12:46 UTC. For more on scraping GitHub and how it may affect your rights, please review our Terms of Service (https://docs.github.com/en/site-policy/github-terms/github-terms-of-service) - https://docs.github.com/rest/overview/rate-limits-for-the-rest-api
GET /search/repositories?q=stars%3A7500..10000%20is%3Apublic%20archived%3Afalse&sort=stars&order=desc&per_page=10&page=10 - 403 with id 97B4:266CFC:2A977:2D6C7:69B9A7AE in 249ms
  Search error: API rate limit exceeded for user ID 180008227. If you reach out to GitHub Support for help, please include the request ID 97B4:266CFC:2A977:2D6C7:69B9A7AE and timestamp 2026-03-17 19:12:47 UTC. For more on scraping GitHub and how it may affect your rights, please review our Terms of Service (https://docs.github.com/en/site-policy/github-terms/github-terms-of-service) - https://docs.github.com/rest/overview/rate-limits-for-the-rest-api
Collected 300 repos (stars 7500-10000)
GET /search/repositories?q=stars%3A5000..7500%20is%3Apublic%20archived%3Afalse&sort=stars&order=desc&per_page=10&page=1 - 403 with id 97B4:266CFC:2AA1D:2D76F:69B9A7AF in 203ms
  Search error: API rate limit exceeded for user ID 180008227. If you reach out to GitHub Support for help, please include the request ID 97B4:266CFC:2AA1D:2D76F:69B9A7AF and timestamp 2026-03-17 19:12:47 UTC. For more on scraping GitHub and how it may affect your rights, please review our Terms of Service (https://docs.github.com/en/site-policy/github-terms/github-terms-of-service) - https://docs.github.com/rest/overview/rate-limits-for-the-rest-api
GET /search/repositories?q=stars%3A5000..7500%20is%3Apublic%20archived%3Afalse&sort=stars&order=desc&per_page=10&page=2 - 403 with id 97B4:266CFC:2AABD:2D7FE:69B9A7AF in 187ms
  Search error: API rate limit exceeded for user ID 180008227. If you reach out to GitHub Support for help, please include the request ID 97B4:266CFC:2AABD:2D7FE:69B9A7AF and timestamp 2026-03-17 19:12:47 UTC. For more on scraping GitHub and how it may affect your rights, please review our Terms of Service (https://docs.github.com/en/site-policy/github-terms/github-terms-of-service) - https://docs.github.com/rest/overview/rate-limits-for-the-rest-api
GET /search/repositories?q=stars%3A5000..7500%20is%3Apublic%20archived%3Afalse&sort=stars&order=desc&per_page=10&page=3 - 403 with id 97B4:266CFC:2AB48:2D89D:69B9A7AF in 196ms
  Search error: API rate limit exceeded for user ID 180008227. If you reach out to GitHub Support for help, please include the request ID 97B4:266CFC:2AB48:2D89D:69B9A7AF and timestamp 2026-03-17 19:12:48 UTC. For more on scraping GitHub and how it may affect your rights, please review our Terms of Service (https://docs.github.com/en/site-policy/github-terms/github-terms-of-service) - https://docs.github.com/rest/overview/rate-limits-for-the-rest-api
GET /search/repositories?q=stars%3A5000..7500%20is%3Apublic%20archived%3Afalse&sort=stars&order=desc&per_page=10&page=4 - 403 with id 97B4:266CFC:2ABE6:2D959:69B9A7B0 in 196ms
  Search error: API rate limit exceeded for user ID 180008227. If you reach out to GitHub Support for help, please include the request ID 97B4:266CFC:2ABE6:2D959:69B9A7B0 and timestamp 2026-03-17 19:12:48 UTC. For more on scraping GitHub and how it may affect your rights, please review our Terms of Service (https://docs.github.com/en/site-policy/github-terms/github-terms-of-service) - https://docs.github.com/rest/overview/rate-limits-for-the-rest-api
GET /search/repositories?q=stars%3A5000..7500%20is%3Apublic%20archived%3Afalse&sort=stars&order=desc&per_page=10&page=5 - 403 with id 97B4:266CFC:2AC6D:2D9E1:69B9A7B0 in 206ms
  Search error: API rate limit exceeded for user ID 180008227. If you reach out to GitHub Support for help, please include the request ID 97B4:266CFC:2AC6D:2D9E1:69B9A7B0 and timestamp 2026-03-17 19:12:49 UTC. For more on scraping GitHub and how it may affect your rights, please review our Terms of Service (https://docs.github.com/en/site-policy/github-terms/github-terms-of-service) - https://docs.github.com/rest/overview/rate-limits-for-the-rest-api
GET /search/repositories?q=stars%3A5000..7500%20is%3Apublic%20archived%3Afalse&sort=stars&order=desc&per_page=10&page=6 - 403 with id 97B4:266CFC:2AD0D:2DA75:69B9A7B1 in 186ms
  Search error: API rate limit exceeded for user ID 180008227. If you reach out to GitHub Support for help, please include the request ID 97B4:266CFC:2AD0D:2DA75:69B9A7B1 and timestamp 2026-03-17 19:12:49 UTC. For more on scraping GitHub and how it may affect your rights, please review our Terms of Service (https://docs.github.com/en/site-policy/github-terms/github-terms-of-service) - https://docs.github.com/rest/overview/rate-limits-for-the-rest-api
GET /search/repositories?q=stars%3A5000..7500%20is%3Apublic%20archived%3Afalse&sort=stars&order=desc&per_page=10&page=7 - 403 with id 97B4:266CFC:2AD93:2DB0C:69B9A7B1 in 199ms
  Search error: API rate limit exceeded for user ID 180008227. If you reach out to GitHub Support for help, please include the request ID 97B4:266CFC:2AD93:2DB0C:69B9A7B1 and timestamp 2026-03-17 19:12:49 UTC. For more on scraping GitHub and how it may affect your rights, please review our Terms of Service (https://docs.github.com/en/site-policy/github-terms/github-terms-of-service) - https://docs.github.com/rest/overview/rate-limits-for-the-rest-api
GET /search/repositories?q=stars%3A5000..7500%20is%3Apublic%20archived%3Afalse&sort=stars&order=desc&per_page=10&page=8 - 403 with id 97B4:266CFC:2AE23:2DBA9:69B9A7B1 in 216ms
  Search error: API rate limit exceeded for user ID 180008227. If you reach out to GitHub Support for help, please include the request ID 97B4:266CFC:2AE23:2DBA9:69B9A7B1 and timestamp 2026-03-17 19:12:50 UTC. For more on scraping GitHub and how it may affect your rights, please review our Terms of Service (https://docs.github.com/en/site-policy/github-terms/github-terms-of-service) - https://docs.github.com/rest/overview/rate-limits-for-the-rest-api
GET /search/repositories?q=stars%3A5000..7500%20is%3Apublic%20archived%3Afalse&sort=stars&order=desc&per_page=10&page=9 - 403 with id 97B4:266CFC:2AEB6:2DC66:69B9A7B2 in 189ms
  Search error: API rate limit exceeded for user ID 180008227. If you reach out to GitHub Support for help, please include the request ID 97B4:266CFC:2AEB6:2DC66:69B9A7B2 and timestamp 2026-03-17 19:12:50 UTC. For more on scraping GitHub and how it may affect your rights, please review our Terms of Service (https://docs.github.com/en/site-policy/github-terms/github-terms-of-service) - https://docs.github.com/rest/overview/rate-limits-for-the-rest-api
GET /search/repositories?q=stars%3A5000..7500%20is%3Apublic%20archived%3Afalse&sort=stars&order=desc&per_page=10&page=10 - 403 with id 97B4:266CFC:2AF5F:2DD25:69B9A7B2 in 207ms
  Search error: API rate limit exceeded for user ID 180008227. If you reach out to GitHub Support for help, please include the request ID 97B4:266CFC:2AF5F:2DD25:69B9A7B2 and timestamp 2026-03-17 19:12:51 UTC. For more on scraping GitHub and how it may affect your rights, please review our Terms of Service (https://docs.github.com/en/site-policy/github-terms/github-terms-of-service) - https://docs.github.com/rest/overview/rate-limits-for-the-rest-api
Collected 300 repos (stars 5000-7500)
GET /search/repositories?q=stars%3A3500..5000%20is%3Apublic%20archived%3Afalse&sort=stars&order=desc&per_page=10&page=1 - 403 with id 97B4:266CFC:2B00F:2DDC2:69B9A7B3 in 204ms
  Search error: API rate limit exceeded for user ID 180008227. If you reach out to GitHub Support for help, please include the request ID 97B4:266CFC:2B00F:2DDC2:69B9A7B3 and timestamp 2026-03-17 19:12:51 UTC. For more on scraping GitHub and how it may affect your rights, please review our Terms of Service (https://docs.github.com/en/site-policy/github-terms/github-terms-of-service) - https://docs.github.com/rest/overview/rate-limits-for-the-rest-api
GET /search/repositories?q=stars%3A3500..5000%20is%3Apublic%20archived%3Afalse&sort=stars&order=desc&per_page=10&page=2 - 403 with id 97B4:266CFC:2B0A8:2DE76:69B9A7B3 in 244ms
  Search error: API rate limit exceeded for user ID 180008227. If you reach out to GitHub Support for help, please include the request ID 97B4:266CFC:2B0A8:2DE76:69B9A7B3 and timestamp 2026-03-17 19:12:51 UTC. For more on scraping GitHub and how it may affect your rights, please review our Terms of Service (https://docs.github.com/en/site-policy/github-terms/github-terms-of-service) - https://docs.github.com/rest/overview/rate-limits-for-the-rest-api
GET /search/repositories?q=stars%3A3500..5000%20is%3Apublic%20archived%3Afalse&sort=stars&order=desc&per_page=10&page=3 - 403 with id 97B4:266CFC:2B14D:2DF34:69B9A7B4 in 193ms
  Search error: API rate limit exceeded for user ID 180008227. If you reach out to GitHub Support for help, please include the request ID 97B4:266CFC:2B14D:2DF34:69B9A7B4 and timestamp 2026-03-17 19:12:52 UTC. For more on scraping GitHub and how it may affect your rights, please review our Terms of Service (https://docs.github.com/en/site-policy/github-terms/github-terms-of-service) - https://docs.github.com/rest/overview/rate-limits-for-the-rest-api
GET /search/repositories?q=stars%3A3500..5000%20is%3Apublic%20archived%3Afalse&sort=stars&order=desc&per_page=10&page=4 - 403 with id 97B4:266CFC:2B1DD:2DFCC:69B9A7B4 in 193ms
  Search error: API rate limit exceeded for user ID 180008227. If you reach out to GitHub Support for help, please include the request ID 97B4:266CFC:2B1DD:2DFCC:69B9A7B4 and timestamp 2026-03-17 19:12:52 UTC. For more on scraping GitHub and how it may affect your rights, please review our Terms of Service (https://docs.github.com/en/site-policy/github-terms/github-terms-of-service) - https://docs.github.com/rest/overview/rate-limits-for-the-rest-api
GET /search/repositories?q=stars%3A3500..5000%20is%3Apublic%20archived%3Afalse&sort=stars&order=desc&per_page=10&page=5 - 403 with id 97B4:266CFC:2B271:2E077:69B9A7B4 in 197ms
  Search error: API rate limit exceeded for user ID 180008227. If you reach out to GitHub Support for help, please include the request ID 97B4:266CFC:2B271:2E077:69B9A7B4 and timestamp 2026-03-17 19:12:53 UTC. For more on scraping GitHub and how it may affect your rights, please review our Terms of Service (https://docs.github.com/en/site-policy/github-terms/github-terms-of-service) - https://docs.github.com/rest/overview/rate-limits-for-the-rest-api
GET /search/repositories?q=stars%3A3500..5000%20is%3Apublic%20archived%3Afalse&sort=stars&order=desc&per_page=10&page=6 - 403 with id 97B4:266CFC:2B318:2E114:69B9A7B5 in 202ms
  Search error: API rate limit exceeded for user ID 180008227. If you reach out to GitHub Support for help, please include the request ID 97B4:266CFC:2B318:2E114:69B9A7B5 and timestamp 2026-03-17 19:12:53 UTC. For more on scraping GitHub and how it may affect your rights, please review our Terms of Service (https://docs.github.com/en/site-policy/github-terms/github-terms-of-service) - https://docs.github.com/rest/overview/rate-limits-for-the-rest-api
GET /search/repositories?q=stars%3A3500..5000%20is%3Apublic%20archived%3Afalse&sort=stars&order=desc&per_page=10&page=7 - 403 with id 97B4:266CFC:2B3B1:2E1B7:69B9A7B5 in 211ms
  Search error: API rate limit exceeded for user ID 180008227. If you reach out to GitHub Support for help, please include the request ID 97B4:266CFC:2B3B1:2E1B7:69B9A7B5 and timestamp 2026-03-17 19:12:53 UTC. For more on scraping GitHub and how it may affect your rights, please review our Terms of Service (https://docs.github.com/en/site-policy/github-terms/github-terms-of-service) - https://docs.github.com/rest/overview/rate-limits-for-the-rest-api
GET /search/repositories?q=stars%3A3500..5000%20is%3Apublic%20archived%3Afalse&sort=stars&order=desc&per_page=10&page=8 - 403 with id 97B4:266CFC:2B44F:2E25F:69B9A7B6 in 270ms
  Search error: API rate limit exceeded for user ID 180008227. If you reach out to GitHub Support for help, please include the request ID 97B4:266CFC:2B44F:2E25F:69B9A7B6 and timestamp 2026-03-17 19:12:54 UTC. For more on scraping GitHub and how it may affect your rights, please review our Terms of Service (https://docs.github.com/en/site-policy/github-terms/github-terms-of-service) - https://docs.github.com/rest/overview/rate-limits-for-the-rest-api
GET /search/repositories?q=stars%3A3500..5000%20is%3Apublic%20archived%3Afalse&sort=stars&order=desc&per_page=10&page=9 - 403 with id 97B4:266CFC:2B4F3:2E31A:69B9A7B6 in 187ms
  Search error: API rate limit exceeded for user ID 180008227. If you reach out to GitHub Support for help, please include the request ID 97B4:266CFC:2B4F3:2E31A:69B9A7B6 and timestamp 2026-03-17 19:12:54 UTC. For more on scraping GitHub and how it may affect your rights, please review our Terms of Service (https://docs.github.com/en/site-policy/github-terms/github-terms-of-service) - https://docs.github.com/rest/overview/rate-limits-for-the-rest-api
GET /search/repositories?q=stars%3A3500..5000%20is%3Apublic%20archived%3Afalse&sort=stars&order=desc&per_page=10&page=10 - 403 with id 97B4:266CFC:2B58F:2E3CD:69B9A7B6 in 209ms
  Search error: API rate limit exceeded for user ID 180008227. If you reach out to GitHub Support for help, please include the request ID 97B4:266CFC:2B58F:2E3CD:69B9A7B6 and timestamp 2026-03-17 19:12:55 UTC. For more on scraping GitHub and how it may affect your rights, please review our Terms of Service (https://docs.github.com/en/site-policy/github-terms/github-terms-of-service) - https://docs.github.com/rest/overview/rate-limits-for-the-rest-api
Collected 300 repos (stars 3500-5000)
GET /search/repositories?q=stars%3A2000..3500%20is%3Apublic%20archived%3Afalse&sort=stars&order=desc&per_page=10&page=1 - 403 with id 97B4:266CFC:2B63C:2E46F:69B9A7B7 in 185ms
  Search error: API rate limit exceeded for user ID 180008227. If you reach out to GitHub Support for help, please include the request ID 97B4:266CFC:2B63C:2E46F:69B9A7B7 and timestamp 2026-03-17 19:12:55 UTC. For more on scraping GitHub and how it may affect your rights, please review our Terms of Service (https://docs.github.com/en/site-policy/github-terms/github-terms-of-service) - https://docs.github.com/rest/overview/rate-limits-for-the-rest-api
GET /search/repositories?q=stars%3A2000..3500%20is%3Apublic%20archived%3Afalse&sort=stars&order=desc&per_page=10&page=2 - 403 with id 97B4:266CFC:2B6D7:2E512:69B9A7B7 in 200ms
  Search error: API rate limit exceeded for user ID 180008227. If you reach out to GitHub Support for help, please include the request ID 97B4:266CFC:2B6D7:2E512:69B9A7B7 and timestamp 2026-03-17 19:12:56 UTC. For more on scraping GitHub and how it may affect your rights, please review our Terms of Service (https://docs.github.com/en/site-policy/github-terms/github-terms-of-service) - https://docs.github.com/rest/overview/rate-limits-for-the-rest-api
GET /search/repositories?q=stars%3A2000..3500%20is%3Apublic%20archived%3Afalse&sort=stars&order=desc&per_page=10&page=3 - 403 with id 97B4:266CFC:2B766:2E5B9:69B9A7B8 in 182ms
  Search error: API rate limit exceeded for user ID 180008227. If you reach out to GitHub Support for help, please include the request ID 97B4:266CFC:2B766:2E5B9:69B9A7B8 and timestamp 2026-03-17 19:12:56 UTC. For more on scraping GitHub and how it may affect your rights, please review our Terms of Service (https://docs.github.com/en/site-policy/github-terms/github-terms-of-service) - https://docs.github.com/rest/overview/rate-limits-for-the-rest-api
GET /search/repositories?q=stars%3A2000..3500%20is%3Apublic%20archived%3Afalse&sort=stars&order=desc&per_page=10&page=4 - 403 with id 97B4:266CFC:2B803:2E654:69B9A7B8 in 189ms
  Search error: API rate limit exceeded for user ID 180008227. If you reach out to GitHub Support for help, please include the request ID 97B4:266CFC:2B803:2E654:69B9A7B8 and timestamp 2026-03-17 19:12:56 UTC. For more on scraping GitHub and how it may affect your rights, please review our Terms of Service (https://docs.github.com/en/site-policy/github-terms/github-terms-of-service) - https://docs.github.com/rest/overview/rate-limits-for-the-rest-api
GET /search/repositories?q=stars%3A2000..3500%20is%3Apublic%20archived%3Afalse&sort=stars&order=desc&per_page=10&page=5 - 403 with id 97B4:266CFC:2B89B:2E6E8:69B9A7B8 in 196ms
  Search error: API rate limit exceeded for user ID 180008227. If you reach out to GitHub Support for help, please include the request ID 97B4:266CFC:2B89B:2E6E8:69B9A7B8 and timestamp 2026-03-17 19:12:57 UTC. For more on scraping GitHub and how it may affect your rights, please review our Terms of Service (https://docs.github.com/en/site-policy/github-terms/github-terms-of-service) - https://docs.github.com/rest/overview/rate-limits-for-the-rest-api
GET /search/repositories?q=stars%3A2000..3500%20is%3Apublic%20archived%3Afalse&sort=stars&order=desc&per_page=10&page=6 - 403 with id 97B4:266CFC:2B912:2E782:69B9A7B9 in 193ms
  Search error: API rate limit exceeded for user ID 180008227. If you reach out to GitHub Support for help, please include the request ID 97B4:266CFC:2B912:2E782:69B9A7B9 and timestamp 2026-03-17 19:12:57 UTC. For more on scraping GitHub and how it may affect your rights, please review our Terms of Service (https://docs.github.com/en/site-policy/github-terms/github-terms-of-service) - https://docs.github.com/rest/overview/rate-limits-for-the-rest-api
GET /search/repositories?q=stars%3A2000..3500%20is%3Apublic%20archived%3Afalse&sort=stars&order=desc&per_page=10&page=7 - 403 with id 97B4:266CFC:2B99D:2E801:69B9A7B9 in 197ms
  Search error: API rate limit exceeded for user ID 180008227. If you reach out to GitHub Support for help, please include the request ID 97B4:266CFC:2B99D:2E801:69B9A7B9 and timestamp 2026-03-17 19:12:57 UTC. For more on scraping GitHub and how it may affect your rights, please review our Terms of Service (https://docs.github.com/en/site-policy/github-terms/github-terms-of-service) - https://docs.github.com/rest/overview/rate-limits-for-the-rest-api
GET /search/repositories?q=stars%3A2000..3500%20is%3Apublic%20archived%3Afalse&sort=stars&order=desc&per_page=10&page=8 - 403 with id 97B4:266CFC:2BA29:2E88F:69B9A7BA in 192ms
  Search error: API rate limit exceeded for user ID 180008227. If you reach out to GitHub Support for help, please include the request ID 97B4:266CFC:2BA29:2E88F:69B9A7BA and timestamp 2026-03-17 19:12:58 UTC. For more on scraping GitHub and how it may affect your rights, please review our Terms of Service (https://docs.github.com/en/site-policy/github-terms/github-terms-of-service) - https://docs.github.com/rest/overview/rate-limits-for-the-rest-api
GET /search/repositories?q=stars%3A2000..3500%20is%3Apublic%20archived%3Afalse&sort=stars&order=desc&per_page=10&page=9 - 403 with id 97B4:266CFC:2BAB7:2E92E:69B9A7BA in 201ms
  Search error: API rate limit exceeded for user ID 180008227. If you reach out to GitHub Support for help, please include the request ID 97B4:266CFC:2BAB7:2E92E:69B9A7BA and timestamp 2026-03-17 19:12:58 UTC. For more on scraping GitHub and how it may affect your rights, please review our Terms of Service (https://docs.github.com/en/site-policy/github-terms/github-terms-of-service) - https://docs.github.com/rest/overview/rate-limits-for-the-rest-api
GET /search/repositories?q=stars%3A2000..3500%20is%3Apublic%20archived%3Afalse&sort=stars&order=desc&per_page=10&page=10 - 403 with id 97B4:266CFC:2BB40:2E9C3:69B9A7BA in 194ms
  Search error: API rate limit exceeded for user ID 180008227. If you reach out to GitHub Support for help, please include the request ID 97B4:266CFC:2BB40:2E9C3:69B9A7BA and timestamp 2026-03-17 19:12:59 UTC. For more on scraping GitHub and how it may affect your rights, please review our Terms of Service (https://docs.github.com/en/site-policy/github-terms/github-terms-of-service) - https://docs.github.com/rest/overview/rate-limits-for-the-rest-api
Collected 300 repos (stars 2000-3500)
GET /search/repositories?q=stars%3A1500..2000%20is%3Apublic%20archived%3Afalse&sort=stars&order=desc&per_page=10&page=1 - 403 with id 97B4:266CFC:2BBD3:2EA56:69B9A7BB in 187ms
  Search error: API rate limit exceeded for user ID 180008227. If you reach out to GitHub Support for help, please include the request ID 97B4:266CFC:2BBD3:2EA56:69B9A7BB and timestamp 2026-03-17 19:12:59 UTC. For more on scraping GitHub and how it may affect your rights, please review our Terms of Service (https://docs.github.com/en/site-policy/github-terms/github-terms-of-service) - https://docs.github.com/rest/overview/rate-limits-for-the-rest-api
GET /search/repositories?q=stars%3A1500..2000%20is%3Apublic%20archived%3Afalse&sort=stars&order=desc&per_page=10&page=2 - 403 with id 97B4:266CFC:2BC52:2EAE0:69B9A7BB in 203ms
  Search error: API rate limit exceeded for user ID 180008227. If you reach out to GitHub Support for help, please include the request ID 97B4:266CFC:2BC52:2EAE0:69B9A7BB and timestamp 2026-03-17 19:12:59 UTC. For more on scraping GitHub and how it may affect your rights, please review our Terms of Service (https://docs.github.com/en/site-policy/github-terms/github-terms-of-service) - https://docs.github.com/rest/overview/rate-limits-for-the-rest-api
GET /search/repositories?q=stars%3A1500..2000%20is%3Apublic%20archived%3Afalse&sort=stars&order=desc&per_page=10&page=3 - 403 with id 97B4:266CFC:2BCDF:2EB6D:69B9A7BC in 286ms
  Search error: API rate limit exceeded for user ID 180008227. If you reach out to GitHub Support for help, please include the request ID 97B4:266CFC:2BCDF:2EB6D:69B9A7BC and timestamp 2026-03-17 19:13:00 UTC. For more on scraping GitHub and how it may affect your rights, please review our Terms of Service (https://docs.github.com/en/site-policy/github-terms/github-terms-of-service) - https://docs.github.com/rest/overview/rate-limits-for-the-rest-api
GET /search/repositories?q=stars%3A1500..2000%20is%3Apublic%20archived%3Afalse&sort=stars&order=desc&per_page=10&page=4 - 403 with id 97B4:266CFC:2BD8C:2EC39:69B9A7BC in 247ms
  Search error: API rate limit exceeded for user ID 180008227. If you reach out to GitHub Support for help, please include the request ID 97B4:266CFC:2BD8C:2EC39:69B9A7BC and timestamp 2026-03-17 19:13:00 UTC. For more on scraping GitHub and how it may affect your rights, please review our Terms of Service (https://docs.github.com/en/site-policy/github-terms/github-terms-of-service) - https://docs.github.com/rest/overview/rate-limits-for-the-rest-api
GET /search/repositories?q=stars%3A1500..2000%20is%3Apublic%20archived%3Afalse&sort=stars&order=desc&per_page=10&page=5 - 403 with id 97B4:266CFC:2BE30:2ECEE:69B9A7BC in 196ms
  Search error: API rate limit exceeded for user ID 180008227. If you reach out to GitHub Support for help, please include the request ID 97B4:266CFC:2BE30:2ECEE:69B9A7BC and timestamp 2026-03-17 19:13:01 UTC. For more on scraping GitHub and how it may affect your rights, please review our Terms of Service (https://docs.github.com/en/site-policy/github-terms/github-terms-of-service) - https://docs.github.com/rest/overview/rate-limits-for-the-rest-api
GET /search/repositories?q=stars%3A1500..2000%20is%3Apublic%20archived%3Afalse&sort=stars&order=desc&per_page=10&page=6 - 403 with id 97B4:266CFC:2BECF:2ED9F:69B9A7BD in 183ms
  Search error: API rate limit exceeded for user ID 180008227. If you reach out to GitHub Support for help, please include the request ID 97B4:266CFC:2BECF:2ED9F:69B9A7BD and timestamp 2026-03-17 19:13:01 UTC. For more on scraping GitHub and how it may affect your rights, please review our Terms of Service (https://docs.github.com/en/site-policy/github-terms/github-terms-of-service) - https://docs.github.com/rest/overview/rate-limits-for-the-rest-api
GET /search/repositories?q=stars%3A1500..2000%20is%3Apublic%20archived%3Afalse&sort=stars&order=desc&per_page=10&page=7 - 403 with id 97B4:266CFC:2BF74:2EE48:69B9A7BD in 182ms
  Search error: API rate limit exceeded for user ID 180008227. If you reach out to GitHub Support for help, please include the request ID 97B4:266CFC:2BF74:2EE48:69B9A7BD and timestamp 2026-03-17 19:13:02 UTC. For more on scraping GitHub and how it may affect your rights, please review our Terms of Service (https://docs.github.com/en/site-policy/github-terms/github-terms-of-service) - https://docs.github.com/rest/overview/rate-limits-for-the-rest-api
GET /search/repositories?q=stars%3A1500..2000%20is%3Apublic%20archived%3Afalse&sort=stars&order=desc&per_page=10&page=8 - 403 with id 97B4:266CFC:2C00F:2EED7:69B9A7BE in 232ms
  Search error: API rate limit exceeded for user ID 180008227. If you reach out to GitHub Support for help, please include the request ID 97B4:266CFC:2C00F:2EED7:69B9A7BE and timestamp 2026-03-17 19:13:02 UTC. For more on scraping GitHub and how it may affect your rights, please review our Terms of Service (https://docs.github.com/en/site-policy/github-terms/github-terms-of-service) - https://docs.github.com/rest/overview/rate-limits-for-the-rest-api
GET /search/repositories?q=stars%3A1500..2000%20is%3Apublic%20archived%3Afalse&sort=stars&order=desc&per_page=10&page=9 - 403 with id 97B4:266CFC:2C0A6:2EF7C:69B9A7BE in 201ms
  Search error: API rate limit exceeded for user ID 180008227. If you reach out to GitHub Support for help, please include the request ID 97B4:266CFC:2C0A6:2EF7C:69B9A7BE and timestamp 2026-03-17 19:13:02 UTC. For more on scraping GitHub and how it may affect your rights, please review our Terms of Service (https://docs.github.com/en/site-policy/github-terms/github-terms-of-service) - https://docs.github.com/rest/overview/rate-limits-for-the-rest-api
GET /search/repositories?q=stars%3A1500..2000%20is%3Apublic%20archived%3Afalse&sort=stars&order=desc&per_page=10&page=10 - 403 with id 97B4:266CFC:2C13A:2F00E:69B9A7BE in 215ms
  Search error: API rate limit exceeded for user ID 180008227. If you reach out to GitHub Support for help, please include the request ID 97B4:266CFC:2C13A:2F00E:69B9A7BE and timestamp 2026-03-17 19:13:03 UTC. For more on scraping GitHub and how it may affect your rights, please review our Terms of Service (https://docs.github.com/en/site-policy/github-terms/github-terms-of-service) - https://docs.github.com/rest/overview/rate-limits-for-the-rest-api
Collected 300 repos (stars 1500-2000)
GET /search/repositories?q=stars%3A1000..1500%20is%3Apublic%20archived%3Afalse&sort=stars&order=desc&per_page=10&page=1 - 403 with id 97B4:266CFC:2C1CE:2F0B3:69B9A7BF in 207ms
  Search error: API rate limit exceeded for user ID 180008227. If you reach out to GitHub Support for help, please include the request ID 97B4:266CFC:2C1CE:2F0B3:69B9A7BF and timestamp 2026-03-17 19:13:03 UTC. For more on scraping GitHub and how it may affect your rights, please review our Terms of Service (https://docs.github.com/en/site-policy/github-terms/github-terms-of-service) - https://docs.github.com/rest/overview/rate-limits-for-the-rest-api
GET /search/repositories?q=stars%3A1000..1500%20is%3Apublic%20archived%3Afalse&sort=stars&order=desc&per_page=10&page=2 - 403 with id 97B4:266CFC:2C25A:2F13D:69B9A7BF in 196ms
  Search error: API rate limit exceeded for user ID 180008227. If you reach out to GitHub Support for help, please include the request ID 97B4:266CFC:2C25A:2F13D:69B9A7BF and timestamp 2026-03-17 19:13:04 UTC. For more on scraping GitHub and how it may affect your rights, please review our Terms of Service (https://docs.github.com/en/site-policy/github-terms/github-terms-of-service) - https://docs.github.com/rest/overview/rate-limits-for-the-rest-api
GET /search/repositories?q=stars%3A1000..1500%20is%3Apublic%20archived%3Afalse&sort=stars&order=desc&per_page=10&page=3 - 403 with id 97B4:266CFC:2C2CB:2F1BC:69B9A7C0 in 191ms
  Search error: API rate limit exceeded for user ID 180008227. If you reach out to GitHub Support for help, please include the request ID 97B4:266CFC:2C2CB:2F1BC:69B9A7C0 and timestamp 2026-03-17 19:13:04 UTC. For more on scraping GitHub and how it may affect your rights, please review our Terms of Service (https://docs.github.com/en/site-policy/github-terms/github-terms-of-service) - https://docs.github.com/rest/overview/rate-limits-for-the-rest-api
GET /search/repositories?q=stars%3A1000..1500%20is%3Apublic%20archived%3Afalse&sort=stars&order=desc&per_page=10&page=4 - 403 with id 97B4:266CFC:2C34D:2F253:69B9A7C0 in 194ms
  Search error: API rate limit exceeded for user ID 180008227. If you reach out to GitHub Support for help, please include the request ID 97B4:266CFC:2C34D:2F253:69B9A7C0 and timestamp 2026-03-17 19:13:04 UTC. For more on scraping GitHub and how it may affect your rights, please review our Terms of Service (https://docs.github.com/en/site-policy/github-terms/github-terms-of-service) - https://docs.github.com/rest/overview/rate-limits-for-the-rest-api
GET /search/repositories?q=stars%3A1000..1500%20is%3Apublic%20archived%3Afalse&sort=stars&order=desc&per_page=10&page=5 - 403 with id 97B4:266CFC:2C3D5:2F2DC:69B9A7C0 in 199ms
  Search error: API rate limit exceeded for user ID 180008227. If you reach out to GitHub Support for help, please include the request ID 97B4:266CFC:2C3D5:2F2DC:69B9A7C0 and timestamp 2026-03-17 19:13:05 UTC. For more on scraping GitHub and how it may affect your rights, please review our Terms of Service (https://docs.github.com/en/site-policy/github-terms/github-terms-of-service) - https://docs.github.com/rest/overview/rate-limits-for-the-rest-api
GET /search/repositories?q=stars%3A1000..1500%20is%3Apublic%20archived%3Afalse&sort=stars&order=desc&per_page=10&page=6 - 403 with id 97B4:266CFC:2C45F:2F394:69B9A7C1 in 189ms
  Search error: API rate limit exceeded for user ID 180008227. If you reach out to GitHub Support for help, please include the request ID 97B4:266CFC:2C45F:2F394:69B9A7C1 and timestamp 2026-03-17 19:13:05 UTC. For more on scraping GitHub and how it may affect your rights, please review our Terms of Service (https://docs.github.com/en/site-policy/github-terms/github-terms-of-service) - https://docs.github.com/rest/overview/rate-limits-for-the-rest-api
GET /search/repositories?q=stars%3A1000..1500%20is%3Apublic%20archived%3Afalse&sort=stars&order=desc&per_page=10&page=7 - 403 with id 97B4:266CFC:2C4FF:2F42B:69B9A7C1 in 194ms
  Search error: API rate limit exceeded for user ID 180008227. If you reach out to GitHub Support for help, please include the request ID 97B4:266CFC:2C4FF:2F42B:69B9A7C1 and timestamp 2026-03-17 19:13:06 UTC. For more on scraping GitHub and how it may affect your rights, please review our Terms of Service (https://docs.github.com/en/site-policy/github-terms/github-terms-of-service) - https://docs.github.com/rest/overview/rate-limits-for-the-rest-api
GET /search/repositories?q=stars%3A1000..1500%20is%3Apublic%20archived%3Afalse&sort=stars&order=desc&per_page=10&page=8 - 403 with id 97B4:266CFC:2C58C:2F4BA:69B9A7C2 in 308ms
  Search error: API rate limit exceeded for user ID 180008227. If you reach out to GitHub Support for help, please include the request ID 97B4:266CFC:2C58C:2F4BA:69B9A7C2 and timestamp 2026-03-17 19:13:06 UTC. For more on scraping GitHub and how it may affect your rights, please review our Terms of Service (https://docs.github.com/en/site-policy/github-terms/github-terms-of-service) - https://docs.github.com/rest/overview/rate-limits-for-the-rest-api
GET /search/repositories?q=stars%3A1000..1500%20is%3Apublic%20archived%3Afalse&sort=stars&order=desc&per_page=10&page=9 - 403 with id 97B4:266CFC:2C646:2F593:69B9A7C2 in 189ms
  Search error: API rate limit exceeded for user ID 180008227. If you reach out to GitHub Support for help, please include the request ID 97B4:266CFC:2C646:2F593:69B9A7C2 and timestamp 2026-03-17 19:13:06 UTC. For more on scraping GitHub and how it may affect your rights, please review our Terms of Service (https://docs.github.com/en/site-policy/github-terms/github-terms-of-service) - https://docs.github.com/rest/overview/rate-limits-for-the-rest-api
GET /search/repositories?q=stars%3A1000..1500%20is%3Apublic%20archived%3Afalse&sort=stars&order=desc&per_page=10&page=10 - 403 with id 97B4:266CFC:2C6CC:2F632:69B9A7C3 in 191ms
  Search error: API rate limit exceeded for user ID 180008227. If you reach out to GitHub Support for help, please include the request ID 97B4:266CFC:2C6CC:2F632:69B9A7C3 and timestamp 2026-03-17 19:13:07 UTC. For more on scraping GitHub and how it may affect your rights, please review our Terms of Service (https://docs.github.com/en/site-policy/github-terms/github-terms-of-service) - https://docs.github.com/rest/overview/rate-limits-for-the-rest-api
Collected 300 repos (stars 1000-1500)

Total repos: 300. Collecting metrics...

GET /repos/torvalds/linux/pulls?state=closed&sort=updated&direction=desc&per_page=20 - 404 with id 97B4:266CFC:2FE56:33164:69B9A7E9 in 301ms
  Progress: 25/300 (0 errors)
  Rate limit: 4482 remaining, resets at 2026-03-17T19:42:57.000Z
  Progress: 50/300 (0 errors)
  Rate limit: 4412 remaining, resets at 2026-03-17T19:42:57.000Z
  Progress: 75/300 (0 errors)
  Rate limit: 4347 remaining, resets at 2026-03-17T19:42:57.000Z
  Progress: 100/300 (0 errors)
  Rate limit: 4278 remaining, resets at 2026-03-17T19:42:57.000Z
  Progress: 125/300 (0 errors)
  Rate limit: 4208 remaining, resets at 2026-03-17T19:42:57.000Z
  Progress: 150/300 (0 errors)
  Rate limit: 4140 remaining, resets at 2026-03-17T19:42:57.000Z
GET /repos/JushBJJ/Mr.-Ranedeer-AI-Tutor/pulls?state=closed&sort=updated&direction=desc&per_page=20 - 404 with id 97B4:266CFC:541C9:59BE7:69B9A976 in 279ms
  Progress: 175/300 (0 errors)
  Rate limit: 4077 remaining, resets at 2026-03-17T19:42:57.000Z
  Progress: 200/300 (0 errors)
  Rate limit: 4011 remaining, resets at 2026-03-17T19:42:57.000Z
  Progress: 225/300 (0 errors)
  Rate limit: 3942 remaining, resets at 2026-03-17T19:42:57.000Z
  Progress: 250/300 (0 errors)
  Rate limit: 3870 remaining, resets at 2026-03-17T19:42:57.000Z
  Progress: 275/300 (0 errors)
  Rate limit: 3802 remaining, resets at 2026-03-17T19:42:57.000Z
  Progress: 300/300 (0 errors)
  Rate limit: 3732 remaining, resets at 2026-03-17T19:42:57.000Z

Done. 300 repos processed, 0 errors.
